// Vitest Snapshot v1, https://vitest.dev/guide/snapshot.html

exports[`playable characters > Aino 1`] = `22`;

exports[`playable characters > Albedo 1`] = `40`;

exports[`playable characters > Alhacén 1`] = `25`;

exports[`playable characters > Aloy 1`] = `19`;

exports[`playable characters > Amber 1`] = `34`;

exports[`playable characters > Arataki Itto 1`] = `35`;

exports[`playable characters > Arlecchino 1`] = `29`;

exports[`playable characters > Baizhu 1`] = `23`;

exports[`playable characters > Beidou 1`] = `29`;

exports[`playable characters > Bennett 1`] = `26`;

exports[`playable characters > Bárbara 1`] = `31`;

exports[`playable characters > Candace 1`] = `33`;

exports[`playable characters > Charlotte 1`] = `26`;

exports[`playable characters > Chasca 1`] = `32`;

exports[`playable characters > Chevreuse 1`] = `24`;

exports[`playable characters > Chiori 1`] = `26`;

exports[`playable characters > Chongyun 1`] = `26`;

exports[`playable characters > Citlalí 1`] = `35`;

exports[`playable characters > Clorinde 1`] = `24`;

exports[`playable characters > Collei 1`] = `30`;

exports[`playable characters > Colombina 1`] = `32`;

exports[`playable characters > Cyno 1`] = `33`;

exports[`playable characters > Dahlia 1`] = `23`;

exports[`playable characters > Dehya 1`] = `35`;

exports[`playable characters > Diluc 1`] = `32`;

exports[`playable characters > Diona 1`] = `30`;

exports[`playable characters > Dori 1`] = `28`;

exports[`playable characters > Durin 1`] = `33`;

exports[`playable characters > Escoffier 1`] = `28`;

exports[`playable characters > Eula 1`] = `32`;

exports[`playable characters > Faruzán 1`] = `27`;

exports[`playable characters > Fischl 1`] = `29`;

exports[`playable characters > Flins 1`] = `26`;

exports[`playable characters > Fréminet 1`] = `27`;

exports[`playable characters > Furina 1`] = `28`;

exports[`playable characters > Gaming 1`] = `23`;

exports[`playable characters > Ganyu 1`] = `31`;

exports[`playable characters > Gorou 1`] = `34`;

exports[`playable characters > Hu Tao 1`] = `38`;

exports[`playable characters > Iansán 1`] = `25`;

exports[`playable characters > Ifá 1`] = `23`;

exports[`playable characters > Ineffa 1`] = `23`;

exports[`playable characters > Jahoda 1`] = `15`;

exports[`playable characters > Jean 1`] = `35`;

exports[`playable characters > Kachina 1`] = `32`;

exports[`playable characters > Kaedehara Kazuha 1`] = `31`;

exports[`playable characters > Kaeya 1`] = `31`;

exports[`playable characters > Kamisato Ayaka 1`] = `32`;

exports[`playable characters > Kamisato Ayato 1`] = `29`;

exports[`playable characters > Kaveh 1`] = `24`;

exports[`playable characters > Keching 1`] = `25`;

exports[`playable characters > Kinich 1`] = `30`;

exports[`playable characters > Kirara 1`] = `27`;

exports[`playable characters > Klee 1`] = `37`;

exports[`playable characters > Kujou Sara 1`] = `31`;

exports[`playable characters > Kuki Shinobu 1`] = `33`;

exports[`playable characters > Laila 1`] = `32`;

exports[`playable characters > Lan Yan 1`] = `22`;

exports[`playable characters > Lauma 1`] = `24`;

exports[`playable characters > Lisa 1`] = `33`;

exports[`playable characters > Lynette 1`] = `28`;

exports[`playable characters > Lyney 1`] = `28`;

exports[`playable characters > Manekín 1`] = `8`;

exports[`playable characters > Mavuika 1`] = `27`;

exports[`playable characters > Mika 1`] = `24`;

exports[`playable characters > Mona 1`] = `32`;

exports[`playable characters > Mualani 1`] = `31`;

exports[`playable characters > Nahida 1`] = `33`;

exports[`playable characters > Navia 1`] = `29`;

exports[`playable characters > Neuvillette 1`] = `28`;

exports[`playable characters > Nilou 1`] = `28`;

exports[`playable characters > Ninguang 1`] = `27`;

exports[`playable characters > Noelle 1`] = `26`;

exports[`playable characters > Néfer 1`] = `26`;

exports[`playable characters > Ororon 1`] = `22`;

exports[`playable characters > Qiqi 1`] = `25`;

exports[`playable characters > Razor 1`] = `24`;

exports[`playable characters > Rosaria 1`] = `26`;

exports[`playable characters > Sacarosa 1`] = `26`;

exports[`playable characters > Sangonomiya Kokomi 1`] = `33`;

exports[`playable characters > Sayu 1`] = `28`;

exports[`playable characters > Sethos 1`] = `25`;

exports[`playable characters > Shenhe 1`] = `29`;

exports[`playable characters > Shikanoin Heizou 1`] = `29`;

exports[`playable characters > Shogun Raiden 1`] = `49`;

exports[`playable characters > Sigewinne 1`] = `24`;

exports[`playable characters > Skirk 1`] = `26`;

exports[`playable characters > Tartaglia 1`] = `27`;

exports[`playable characters > Thoma 1`] = `30`;

exports[`playable characters > Tignari 1`] = `30`;

exports[`playable characters > Trotamundos 1`] = `24`;

exports[`playable characters > Varesa 1`] = `23`;

exports[`playable characters > Venti 1`] = `32`;

exports[`playable characters > Viajero 1`] = `61`;

exports[`playable characters > Wriothesley 1`] = `26`;

exports[`playable characters > Xiangling 1`] = `26`;

exports[`playable characters > Xianyun 1`] = `30`;

exports[`playable characters > Xiao 1`] = `24`;

exports[`playable characters > Xilonen 1`] = `30`;

exports[`playable characters > Xingchiu 1`] = `30`;

exports[`playable characters > Xinyan 1`] = `25`;

exports[`playable characters > Yae Miko 1`] = `38`;

exports[`playable characters > Yanfei 1`] = `29`;

exports[`playable characters > Yaoyao 1`] = `23`;

exports[`playable characters > Yelan 1`] = `30`;

exports[`playable characters > Yoimiya 1`] = `35`;

exports[`playable characters > Yumemizuki Mizuki 1`] = `27`;

exports[`playable characters > Yun Jin 1`] = `31`;

exports[`playable characters > Zhongli 1`] = `25`;

exports[`playable characters > Émilie 1`] = `23`;
